start
await both
f2 returns
f1 returns
f2 returns
res: 141
