start
fib10=55
fib14=377
fib30 cancelled with Fuseau__Utils_.Timeout
fib30 failed with Fuseau__Utils_.Timeout
done
exit
