creating chain
at iter 100
at iter 200
at iter 300
at iter 400
at iter 500
at iter 600
at iter 700
at iter 800
at iter 900
at iter 1000
send final value 2182888.000000
res=2182888
